// Jest Snapshot v1, https://goo.gl/fbAQLP

exports[`Default layout renders correctly 1`] = `
<div>
  <nuxt-stub />
</div>
`;
